24/07/05 8:21:29 PM
GlazeWM.Infrastructure.Exceptions.FatalUserException: Failed to parse user config. Invalid binding 'Windows+1' in keybinding config: Unknown key 'Windows'
   at GlazeWM.Domain.UserConfigs.CommandHandlers.EvaluateUserConfigHandler.ValidateDeserializedConfig(UserConfig deserializedConfig) in D:\a\glazewm\glazewm\GlazeWM.Domain\UserConfigs\CommandHandlers\EvaluateUserConfigHandler.cs:line 209
   at GlazeWM.Domain.UserConfigs.CommandHandlers.EvaluateUserConfigHandler.Handle(EvaluateUserConfigCommand command) in D:\a\glazewm\glazewm\GlazeWM.Domain\UserConfigs\CommandHandlers\EvaluateUserConfigHandler.cs:line 58
   at GlazeWM.Infrastructure.Bussing.Bus.Invoke[T](T command) in D:\a\glazewm\glazewm\GlazeWM.Infrastructure\Bussing\Bus.cs:line 48
   at GlazeWM.Domain.UserConfigs.CommandHandlers.ReloadUserConfigHandler.Handle(ReloadUserConfigCommand command) in D:\a\glazewm\glazewm\GlazeWM.Domain\UserConfigs\CommandHandlers\ReloadUserConfigHandler.cs:line 35
   at GlazeWM.Infrastructure.Bussing.Bus.Invoke[T](T command) in D:\a\glazewm\glazewm\GlazeWM.Infrastructure\Bussing\Bus.cs:line 48
   at CallSite.Target(Closure, CallSite, Bus, Object)
   at System.Dynamic.UpdateDelegates.UpdateAndExecuteVoid2[T0,T1](CallSite site, T0 arg0, T1 arg1)
   at GlazeWM.Domain.UserConfigs.CommandHandlers.RunWithSubjectContainerHandler.Handle(RunWithSubjectContainerCommand command) in D:\a\glazewm\glazewm\GlazeWM.Domain\UserConfigs\CommandHandlers\RunWithSubjectContainerHandler.cs:line 28
   at GlazeWM.Infrastructure.Bussing.Bus.Invoke[T](T command) in D:\a\glazewm\glazewm\GlazeWM.Infrastructure\Bussing\Bus.cs:line 48
   at GlazeWM.Domain.UserConfigs.CommandHandlers.RegisterKeybindingsHandler.<>c__DisplayClass4_0.<Handle>b__1() in D:\a\glazewm\glazewm\GlazeWM.Domain\UserConfigs\CommandHandlers\RegisterKeybindingsHandler.cs:line 63
Command history: HandleFatalExceptionCommand, EvaluateUserConfigCommand, ReloadUserConfigCommand, RunWithSubjectContainerCommand, FocusContainerUnderCursorCommand, FocusContainerUnderCursorCommand, FocusContainerUnderCursorCommand, FocusContainerUnderCursorCommand, FocusContainerUnderCursorCommand, FocusContainerUnderCursorCommand, FocusContainerUnderCursorCommand, FocusContainerUnderCursorCommand, FocusContainerUnderCursorCommand, FocusContainerUnderCursorCommand, FocusContainerUnderCursorCommand 
State dump: {"id":"94bbb516-f8a1-49a1-a3aa-ad036dfdfe6f","x":0,"y":0,"width":0,"height":0,"type":"root","focus_index":0,"children":[{"device_name":"\\\\.\\DISPLAY1","id":"67efa0cf-1fec-473f-bc71-eef3c6ffb79c","x":0,"y":0,"width":1920,"height":1080,"type":"monitor","focus_index":0,"children":[{"tiling_direction":"horizontal","size_percentage":1,"name":"1","id":"7dfae2da-3bff-4943-929e-fcc7977b4f86","x":1,"y":29,"width":1918,"height":1050,"type":"workspace","focus_index":0,"children":[{"floating_placement":{"left":464,"top":282,"right":1456,"bottom":827,"x":464,"y":282,"width":992,"height":545},"border_delta":{"left":7,"top":0,"right":7,"bottom":7},"handle":198874,"size_percentage":1,"id":"7d9f6d77-72ed-420a-a787-b4dc1132115b","x":1,"y":29,"width":1918,"height":1050,"type":"window","focus_index":0,"children":[]}]},{"tiling_direction":"horizontal","size_percentage":0,"name":"3","id":"a6f546c1-534a-4098-bbb2-60e38258e087","x":1,"y":29,"width":1918,"height":1050,"type":"workspace","focus_index":2,"children":[{"floating_placement":{"left":0,"top":26,"right":1920,"bottom":1083,"x":0,"y":26,"width":1920,"height":1057},"border_delta":{"left":7,"top":0,"right":7,"bottom":7},"handle":132016,"size_percentage":1,"id":"8ceeed06-8b42-47ad-a758-4e4d9921de30","x":1,"y":29,"width":1918,"height":1050,"type":"window","focus_index":0,"children":[]}]},{"tiling_direction":"horizontal","size_percentage":0,"name":"2","id":"00bf572e-fb21-4268-9fef-a4ff52e6ef37","x":1,"y":29,"width":1918,"height":1050,"type":"workspace","focus_index":1,"children":[{"floating_placement":{"left":1,"top":29,"right":1919,"bottom":1079,"x":1,"y":29,"width":1918,"height":1050},"border_delta":{"left":0,"top":0,"right":0,"bottom":0},"handle":67756,"size_percentage":0.5,"id":"6af43945-0aad-4bf8-8991-f006d6f3e200","x":1,"y":29,"width":958,"height":1050,"type":"window","focus_index":1,"children":[]},{"floating_placement":{"left":0,"top":26,"right":1920,"bottom":1083,"x":0,"y":26,"width":1920,"height":1057},"border_delta":{"left":7,"top":0,"right":7,"bottom":7},"handle":67842,"size_percentage":0.5,"id":"fb6ac52e-7315-458f-b7ee-914cfd182249","x":961,"y":29,"width":958,"height":1050,"type":"window","focus_index":0,"children":[]}]}]}]}

24/07/05 8:22:18 PM
GlazeWM.Infrastructure.Exceptions.FatalUserException: Failed to parse user config. Invalid binding 'Windows+1' in keybinding config: Unknown key 'Windows'
   at GlazeWM.Domain.UserConfigs.CommandHandlers.EvaluateUserConfigHandler.ValidateDeserializedConfig(UserConfig deserializedConfig) in D:\a\glazewm\glazewm\GlazeWM.Domain\UserConfigs\CommandHandlers\EvaluateUserConfigHandler.cs:line 209
   at GlazeWM.Domain.UserConfigs.CommandHandlers.EvaluateUserConfigHandler.Handle(EvaluateUserConfigCommand command) in D:\a\glazewm\glazewm\GlazeWM.Domain\UserConfigs\CommandHandlers\EvaluateUserConfigHandler.cs:line 58
   at GlazeWM.Infrastructure.Bussing.Bus.Invoke[T](T command) in D:\a\glazewm\glazewm\GlazeWM.Infrastructure\Bussing\Bus.cs:line 41
   at GlazeWM.Domain.Common.CommandHandlers.PopulateInitialStateHandler.Handle(PopulateInitialStateCommand command) in D:\a\glazewm\glazewm\GlazeWM.Domain\Common\CommandHandlers\PopulateInitialStateHandler.cs:line 41
   at GlazeWM.Infrastructure.Bussing.Bus.Invoke[T](T command) in D:\a\glazewm\glazewm\GlazeWM.Infrastructure\Bussing\Bus.cs:line 41
   at GlazeWM.App.WindowManager.WmStartup.Run()
Command history: HandleFatalExceptionCommand, EvaluateUserConfigCommand, PopulateInitialStateCommand 
State dump: {"id":"a28e9dc1-ac7d-4ea2-9199-125bd2e08135","x":0,"y":0,"width":0,"height":0,"type":"root","focus_index":0,"children":[]}

24/07/05 8:23:04 PM
GlazeWM.Infrastructure.Exceptions.FatalUserException: Failed to parse user config. Invalid binding 'Windows+Enter' in keybinding config: Unknown key 'Windows'
   at GlazeWM.Domain.UserConfigs.CommandHandlers.EvaluateUserConfigHandler.ValidateDeserializedConfig(UserConfig deserializedConfig) in D:\a\glazewm\glazewm\GlazeWM.Domain\UserConfigs\CommandHandlers\EvaluateUserConfigHandler.cs:line 209
   at GlazeWM.Domain.UserConfigs.CommandHandlers.EvaluateUserConfigHandler.Handle(EvaluateUserConfigCommand command) in D:\a\glazewm\glazewm\GlazeWM.Domain\UserConfigs\CommandHandlers\EvaluateUserConfigHandler.cs:line 58
   at GlazeWM.Infrastructure.Bussing.Bus.Invoke[T](T command) in D:\a\glazewm\glazewm\GlazeWM.Infrastructure\Bussing\Bus.cs:line 41
   at GlazeWM.Domain.Common.CommandHandlers.PopulateInitialStateHandler.Handle(PopulateInitialStateCommand command) in D:\a\glazewm\glazewm\GlazeWM.Domain\Common\CommandHandlers\PopulateInitialStateHandler.cs:line 41
   at GlazeWM.Infrastructure.Bussing.Bus.Invoke[T](T command) in D:\a\glazewm\glazewm\GlazeWM.Infrastructure\Bussing\Bus.cs:line 41
   at GlazeWM.App.WindowManager.WmStartup.Run()
Command history: HandleFatalExceptionCommand, EvaluateUserConfigCommand, PopulateInitialStateCommand 
State dump: {"id":"98448dc2-db56-4532-8e3d-e535e434a13f","x":0,"y":0,"width":0,"height":0,"type":"root","focus_index":0,"children":[]}

24/07/05 8:23:12 PM
GlazeWM.Infrastructure.Exceptions.FatalUserException: Failed to parse user config. Invalid binding 'windows+Enter' in keybinding config: Unknown key 'windows'
   at GlazeWM.Domain.UserConfigs.CommandHandlers.EvaluateUserConfigHandler.ValidateDeserializedConfig(UserConfig deserializedConfig) in D:\a\glazewm\glazewm\GlazeWM.Domain\UserConfigs\CommandHandlers\EvaluateUserConfigHandler.cs:line 209
   at GlazeWM.Domain.UserConfigs.CommandHandlers.EvaluateUserConfigHandler.Handle(EvaluateUserConfigCommand command) in D:\a\glazewm\glazewm\GlazeWM.Domain\UserConfigs\CommandHandlers\EvaluateUserConfigHandler.cs:line 58
   at GlazeWM.Infrastructure.Bussing.Bus.Invoke[T](T command) in D:\a\glazewm\glazewm\GlazeWM.Infrastructure\Bussing\Bus.cs:line 41
   at GlazeWM.Domain.Common.CommandHandlers.PopulateInitialStateHandler.Handle(PopulateInitialStateCommand command) in D:\a\glazewm\glazewm\GlazeWM.Domain\Common\CommandHandlers\PopulateInitialStateHandler.cs:line 41
   at GlazeWM.Infrastructure.Bussing.Bus.Invoke[T](T command) in D:\a\glazewm\glazewm\GlazeWM.Infrastructure\Bussing\Bus.cs:line 41
   at GlazeWM.App.WindowManager.WmStartup.Run()
Command history: HandleFatalExceptionCommand, EvaluateUserConfigCommand, PopulateInitialStateCommand 
State dump: {"id":"31265c14-f265-43c8-85e8-d9d4576bb9b6","x":0,"y":0,"width":0,"height":0,"type":"root","focus_index":0,"children":[]}

24/07/05 8:33:34 PM
GlazeWM.Infrastructure.Exceptions.FatalUserException: Failed to parse user config. Invalid binding 'Windows+W' in keybinding config: Unknown key 'Windows'
   at GlazeWM.Domain.UserConfigs.CommandHandlers.EvaluateUserConfigHandler.ValidateDeserializedConfig(UserConfig deserializedConfig) in D:\a\glazewm\glazewm\GlazeWM.Domain\UserConfigs\CommandHandlers\EvaluateUserConfigHandler.cs:line 209
   at GlazeWM.Domain.UserConfigs.CommandHandlers.EvaluateUserConfigHandler.Handle(EvaluateUserConfigCommand command) in D:\a\glazewm\glazewm\GlazeWM.Domain\UserConfigs\CommandHandlers\EvaluateUserConfigHandler.cs:line 58
   at GlazeWM.Infrastructure.Bussing.Bus.Invoke[T](T command) in D:\a\glazewm\glazewm\GlazeWM.Infrastructure\Bussing\Bus.cs:line 48
   at GlazeWM.Domain.UserConfigs.CommandHandlers.ReloadUserConfigHandler.Handle(ReloadUserConfigCommand command) in D:\a\glazewm\glazewm\GlazeWM.Domain\UserConfigs\CommandHandlers\ReloadUserConfigHandler.cs:line 35
   at GlazeWM.Infrastructure.Bussing.Bus.Invoke[T](T command) in D:\a\glazewm\glazewm\GlazeWM.Infrastructure\Bussing\Bus.cs:line 48
   at CallSite.Target(Closure, CallSite, Bus, Object)
   at System.Dynamic.UpdateDelegates.UpdateAndExecuteVoid2[T0,T1](CallSite site, T0 arg0, T1 arg1)
   at GlazeWM.Domain.UserConfigs.CommandHandlers.RunWithSubjectContainerHandler.Handle(RunWithSubjectContainerCommand command) in D:\a\glazewm\glazewm\GlazeWM.Domain\UserConfigs\CommandHandlers\RunWithSubjectContainerHandler.cs:line 28
   at GlazeWM.Infrastructure.Bussing.Bus.Invoke[T](T command) in D:\a\glazewm\glazewm\GlazeWM.Infrastructure\Bussing\Bus.cs:line 48
   at GlazeWM.Domain.UserConfigs.CommandHandlers.RegisterKeybindingsHandler.<>c__DisplayClass4_0.<Handle>b__1() in D:\a\glazewm\glazewm\GlazeWM.Domain\UserConfigs\CommandHandlers\RegisterKeybindingsHandler.cs:line 63
Command history: HandleFatalExceptionCommand, EvaluateUserConfigCommand, ReloadUserConfigCommand, RunWithSubjectContainerCommand, FocusContainerUnderCursorCommand, FocusContainerUnderCursorCommand, FocusContainerUnderCursorCommand, FocusContainerUnderCursorCommand, FocusContainerUnderCursorCommand, FocusContainerUnderCursorCommand, FocusContainerUnderCursorCommand, FocusContainerUnderCursorCommand, FocusContainerUnderCursorCommand, FocusContainerUnderCursorCommand, FocusContainerUnderCursorCommand 
State dump: {"id":"b7585f6f-fa82-4db2-9f4d-d1eebf1b82e5","x":0,"y":0,"width":0,"height":0,"type":"root","focus_index":0,"children":[{"device_name":"\\\\.\\DISPLAY1","id":"9db8d894-5e42-4d94-89dd-38be2b485806","x":0,"y":0,"width":1920,"height":1080,"type":"monitor","focus_index":0,"children":[{"tiling_direction":"horizontal","size_percentage":1,"name":"1","id":"393111b6-303e-454a-ad59-c0c6986b777c","x":1,"y":29,"width":1918,"height":1050,"type":"workspace","focus_index":0,"children":[{"floating_placement":{"left":464,"top":282,"right":1456,"bottom":827,"x":464,"y":282,"width":992,"height":545},"border_delta":{"left":7,"top":0,"right":7,"bottom":7},"handle":67776,"size_percentage":1,"id":"d5a800fc-3b11-4e30-9100-485380fa04a0","x":1,"y":29,"width":1918,"height":1050,"type":"window","focus_index":0,"children":[]}]},{"tiling_direction":"horizontal","size_percentage":0,"name":"3","id":"117dc091-4c62-4b04-9be6-3621d51e2d43","x":1,"y":29,"width":1918,"height":1050,"type":"workspace","focus_index":1,"children":[{"floating_placement":{"left":0,"top":26,"right":1920,"bottom":1083,"x":0,"y":26,"width":1920,"height":1057},"border_delta":{"left":7,"top":0,"right":7,"bottom":7},"handle":67730,"size_percentage":0.5,"id":"2c0b7472-4db4-4aa8-b26e-25def14410d5","x":1,"y":29,"width":958,"height":1050,"type":"window","focus_index":0,"children":[]},{"floating_placement":{"left":1,"top":29,"right":1919,"bottom":1079,"x":1,"y":29,"width":1918,"height":1050},"border_delta":{"left":0,"top":0,"right":0,"bottom":0},"handle":328826,"size_percentage":0.5,"id":"211a7916-a34e-4d1c-8f92-987efeaef15f","x":961,"y":29,"width":958,"height":1050,"type":"window","focus_index":1,"children":[]}]}]}]}

24/07/05 8:34:35 PM
GlazeWM.Infrastructure.Exceptions.FatalUserException: Failed to parse user config. Invalid binding 'Windows+E' in keybinding config: Unknown key 'Windows'
   at GlazeWM.Domain.UserConfigs.CommandHandlers.EvaluateUserConfigHandler.ValidateDeserializedConfig(UserConfig deserializedConfig) in D:\a\glazewm\glazewm\GlazeWM.Domain\UserConfigs\CommandHandlers\EvaluateUserConfigHandler.cs:line 209
   at GlazeWM.Domain.UserConfigs.CommandHandlers.EvaluateUserConfigHandler.Handle(EvaluateUserConfigCommand command) in D:\a\glazewm\glazewm\GlazeWM.Domain\UserConfigs\CommandHandlers\EvaluateUserConfigHandler.cs:line 58
   at GlazeWM.Infrastructure.Bussing.Bus.Invoke[T](T command) in D:\a\glazewm\glazewm\GlazeWM.Infrastructure\Bussing\Bus.cs:line 48
   at GlazeWM.Domain.UserConfigs.CommandHandlers.ReloadUserConfigHandler.Handle(ReloadUserConfigCommand command) in D:\a\glazewm\glazewm\GlazeWM.Domain\UserConfigs\CommandHandlers\ReloadUserConfigHandler.cs:line 35
   at GlazeWM.Infrastructure.Bussing.Bus.Invoke[T](T command) in D:\a\glazewm\glazewm\GlazeWM.Infrastructure\Bussing\Bus.cs:line 48
   at CallSite.Target(Closure, CallSite, Bus, Object)
   at System.Dynamic.UpdateDelegates.UpdateAndExecuteVoid2[T0,T1](CallSite site, T0 arg0, T1 arg1)
   at GlazeWM.Domain.UserConfigs.CommandHandlers.RunWithSubjectContainerHandler.Handle(RunWithSubjectContainerCommand command) in D:\a\glazewm\glazewm\GlazeWM.Domain\UserConfigs\CommandHandlers\RunWithSubjectContainerHandler.cs:line 53
   at GlazeWM.Infrastructure.Bussing.Bus.Invoke[T](T command) in D:\a\glazewm\glazewm\GlazeWM.Infrastructure\Bussing\Bus.cs:line 48
   at GlazeWM.Domain.UserConfigs.CommandHandlers.RegisterKeybindingsHandler.<>c__DisplayClass4_0.<Handle>b__1() in D:\a\glazewm\glazewm\GlazeWM.Domain\UserConfigs\CommandHandlers\RegisterKeybindingsHandler.cs:line 55
Command history: HandleFatalExceptionCommand, EvaluateUserConfigCommand, ReloadUserConfigCommand, RunWithSubjectContainerCommand, FocusContainerUnderCursorCommand, FocusContainerUnderCursorCommand, FocusContainerUnderCursorCommand, FocusContainerUnderCursorCommand, FocusContainerUnderCursorCommand, FocusContainerUnderCursorCommand, FocusContainerUnderCursorCommand, FocusContainerUnderCursorCommand, FocusContainerUnderCursorCommand, FocusContainerUnderCursorCommand, FocusContainerUnderCursorCommand 
State dump: {"id":"4e8a9d1a-356e-49af-89d5-612b7407f82b","x":0,"y":0,"width":0,"height":0,"type":"root","focus_index":0,"children":[{"device_name":"\\\\.\\DISPLAY1","id":"f892a1c9-2e70-45e5-88e0-a6b1829f6689","x":0,"y":0,"width":1920,"height":1080,"type":"monitor","focus_index":0,"children":[{"tiling_direction":"horizontal","size_percentage":1,"name":"1","id":"9b710801-0995-438c-88e6-c1793c2d12a4","x":1,"y":29,"width":1918,"height":1050,"type":"workspace","focus_index":0,"children":[{"floating_placement":{"left":-6,"top":26,"right":1926,"bottom":1083,"x":-6,"y":26,"width":1932,"height":1057},"border_delta":{"left":7,"top":0,"right":7,"bottom":7},"handle":67776,"size_percentage":1,"id":"faa847ba-1873-4a65-92de-a4c536dfefac","x":1,"y":29,"width":1918,"height":1050,"type":"window","focus_index":0,"children":[]}]},{"tiling_direction":"horizontal","size_percentage":0,"name":"3","id":"29d4b3a5-6c16-4ccd-9b44-34f68a8299da","x":1,"y":29,"width":1918,"height":1050,"type":"workspace","focus_index":1,"children":[{"floating_placement":{"left":481,"top":29,"right":1439,"bottom":1079,"x":481,"y":29,"width":958,"height":1050},"border_delta":{"left":0,"top":0,"right":0,"bottom":0},"handle":328826,"size_percentage":0.5,"id":"e877216f-d809-4ed4-9923-8c7b5c70ce44","x":1,"y":29,"width":958,"height":1050,"type":"window","focus_index":1,"children":[]},{"floating_placement":{"left":474,"top":26,"right":1446,"bottom":1083,"x":474,"y":26,"width":972,"height":1057},"border_delta":{"left":7,"top":0,"right":7,"bottom":7},"handle":67730,"size_percentage":0.5,"id":"60cad95b-57f3-45fb-b2bf-d5a5dc282a83","x":961,"y":29,"width":958,"height":1050,"type":"window","focus_index":0,"children":[]}]}]}]}

24/07/05 10:10:35 PM
GlazeWM.Infrastructure.Exceptions.FatalUserException: Failed to parse user config. (Line: 322, Col: 3, Idx: 8968) - (Line: 322, Col: 3, Idx: 8968): While parsing a block collection, did not find expected '-' indicator.
   at GlazeWM.Domain.UserConfigs.CommandHandlers.EvaluateUserConfigHandler.DeserializeUserConfig(String userConfigPath) in D:\a\glazewm\glazewm\GlazeWM.Domain\UserConfigs\CommandHandlers\EvaluateUserConfigHandler.cs:line 109
   at GlazeWM.Domain.UserConfigs.CommandHandlers.EvaluateUserConfigHandler.Handle(EvaluateUserConfigCommand command) in D:\a\glazewm\glazewm\GlazeWM.Domain\UserConfigs\CommandHandlers\EvaluateUserConfigHandler.cs:line 49
   at GlazeWM.Infrastructure.Bussing.Bus.Invoke[T](T command) in D:\a\glazewm\glazewm\GlazeWM.Infrastructure\Bussing\Bus.cs:line 48
   at GlazeWM.Domain.UserConfigs.CommandHandlers.ReloadUserConfigHandler.Handle(ReloadUserConfigCommand command) in D:\a\glazewm\glazewm\GlazeWM.Domain\UserConfigs\CommandHandlers\ReloadUserConfigHandler.cs:line 35
   at GlazeWM.Infrastructure.Bussing.Bus.Invoke[T](T command) in D:\a\glazewm\glazewm\GlazeWM.Infrastructure\Bussing\Bus.cs:line 48
   at CallSite.Target(Closure, CallSite, Bus, Object)
   at System.Dynamic.UpdateDelegates.UpdateAndExecuteVoid2[T0,T1](CallSite site, T0 arg0, T1 arg1)
   at GlazeWM.Domain.UserConfigs.CommandHandlers.RunWithSubjectContainerHandler.Handle(RunWithSubjectContainerCommand command) in D:\a\glazewm\glazewm\GlazeWM.Domain\UserConfigs\CommandHandlers\RunWithSubjectContainerHandler.cs:line 28
   at GlazeWM.Infrastructure.Bussing.Bus.Invoke[T](T command) in D:\a\glazewm\glazewm\GlazeWM.Infrastructure\Bussing\Bus.cs:line 48
   at GlazeWM.Domain.UserConfigs.CommandHandlers.RegisterKeybindingsHandler.<>c__DisplayClass4_0.<Handle>b__1() in D:\a\glazewm\glazewm\GlazeWM.Domain\UserConfigs\CommandHandlers\RegisterKeybindingsHandler.cs:line 63
Command history: HandleFatalExceptionCommand, EvaluateUserConfigCommand, ReloadUserConfigCommand, RunWithSubjectContainerCommand, FocusContainerUnderCursorCommand, FocusContainerUnderCursorCommand, FocusContainerUnderCursorCommand, FocusContainerUnderCursorCommand, FocusContainerUnderCursorCommand, FocusContainerUnderCursorCommand, FocusContainerUnderCursorCommand, FocusContainerUnderCursorCommand, FocusContainerUnderCursorCommand, FocusContainerUnderCursorCommand, FocusContainerUnderCursorCommand 
State dump: {"id":"0acd7d7e-9c6b-4094-9843-fd3766028f72","x":0,"y":0,"width":0,"height":0,"type":"root","focus_index":0,"children":[{"device_name":"\\\\.\\DISPLAY1","id":"1b415ee7-022e-41f1-8432-7add302c63d3","x":0,"y":0,"width":1920,"height":1080,"type":"monitor","focus_index":0,"children":[{"tiling_direction":"horizontal","size_percentage":1,"name":"1","id":"ae1f6d50-218b-4a5f-8242-bd6da3de1e57","x":1,"y":29,"width":1918,"height":1050,"type":"workspace","focus_index":0,"children":[{"floating_placement":{"left":-6,"top":26,"right":1926,"bottom":1083,"x":-6,"y":26,"width":1932,"height":1057},"border_delta":{"left":7,"top":0,"right":7,"bottom":7},"handle":67776,"size_percentage":1,"id":"18c1bec1-633a-42a3-977b-9e4732305ef9","x":1,"y":29,"width":1918,"height":1050,"type":"window","focus_index":0,"children":[]}]}]},{"device_name":"\\\\.\\DISPLAY4","id":"0205d2ff-8741-4414-9485-d56d03984fa8","x":-1024,"y":0,"width":1024,"height":1280,"type":"monitor","focus_index":1,"children":[{"tiling_direction":"vertical","size_percentage":1,"name":"3","id":"508c5d0a-2351-4d3c-a0e8-3f9671a1b479","x":-1023,"y":29,"width":1022,"height":1250,"type":"workspace","focus_index":0,"children":[{"floating_placement":{"left":-991,"top":129,"right":-33,"bottom":1179,"x":-991,"y":129,"width":958,"height":1050},"border_delta":{"left":0,"top":0,"right":0,"bottom":0},"handle":328826,"size_percentage":1,"id":"25527b8a-29c0-4720-b4c0-964117b6fece","x":-1023,"y":29,"width":1022,"height":1250,"type":"window","focus_index":0,"children":[]}]},{"tiling_direction":"vertical","size_percentage":0,"name":"2","id":"2cf5d53d-f400-49df-81d4-1d6d1618ec9a","x":-1023,"y":29,"width":1022,"height":1250,"type":"workspace","focus_index":1,"children":[{"floating_placement":{"left":-1008,"top":382,"right":-16,"bottom":927,"x":-1008,"y":382,"width":992,"height":545},"border_delta":{"left":7,"top":0,"right":7,"bottom":7},"handle":199446,"size_percentage":1,"id":"8f75baf5-aeaa-4d07-8549-77c22ea1dbcb","x":-1023,"y":29,"width":1022,"height":1250,"type":"window","focus_index":0,"children":[]}]}]}]}

24/07/13 2:28:05 AM
GlazeWM.Infrastructure.Exceptions.FatalUserException: Failed to parse user config. Invalid value at property: '$.keybindings[5].bindings'.
   at GlazeWM.Domain.UserConfigs.CommandHandlers.EvaluateUserConfigHandler.DeserializeUserConfig(String userConfigPath) in D:\a\glazewm\glazewm\GlazeWM.Domain\UserConfigs\CommandHandlers\EvaluateUserConfigHandler.cs:line 109
   at GlazeWM.Domain.UserConfigs.CommandHandlers.EvaluateUserConfigHandler.Handle(EvaluateUserConfigCommand command) in D:\a\glazewm\glazewm\GlazeWM.Domain\UserConfigs\CommandHandlers\EvaluateUserConfigHandler.cs:line 49
   at GlazeWM.Infrastructure.Bussing.Bus.Invoke[T](T command) in D:\a\glazewm\glazewm\GlazeWM.Infrastructure\Bussing\Bus.cs:line 48
   at GlazeWM.Domain.UserConfigs.CommandHandlers.ReloadUserConfigHandler.Handle(ReloadUserConfigCommand command) in D:\a\glazewm\glazewm\GlazeWM.Domain\UserConfigs\CommandHandlers\ReloadUserConfigHandler.cs:line 35
   at GlazeWM.Infrastructure.Bussing.Bus.Invoke[T](T command) in D:\a\glazewm\glazewm\GlazeWM.Infrastructure\Bussing\Bus.cs:line 48
   at CallSite.Target(Closure, CallSite, Bus, Object)
   at System.Dynamic.UpdateDelegates.UpdateAndExecuteVoid2[T0,T1](CallSite site, T0 arg0, T1 arg1)
   at GlazeWM.Domain.UserConfigs.CommandHandlers.RunWithSubjectContainerHandler.Handle(RunWithSubjectContainerCommand command) in D:\a\glazewm\glazewm\GlazeWM.Domain\UserConfigs\CommandHandlers\RunWithSubjectContainerHandler.cs:line 28
   at GlazeWM.Infrastructure.Bussing.Bus.Invoke[T](T command) in D:\a\glazewm\glazewm\GlazeWM.Infrastructure\Bussing\Bus.cs:line 48
   at GlazeWM.Domain.UserConfigs.CommandHandlers.RegisterKeybindingsHandler.<>c__DisplayClass4_0.<Handle>b__1() in D:\a\glazewm\glazewm\GlazeWM.Domain\UserConfigs\CommandHandlers\RegisterKeybindingsHandler.cs:line 63
Command history: HandleFatalExceptionCommand, EvaluateUserConfigCommand, ReloadUserConfigCommand, RunWithSubjectContainerCommand, SyncNativeFocusCommand, RedrawContainersCommand, MoveWindowCommand, RunWithSubjectContainerCommand, SyncNativeFocusCommand, RedrawContainersCommand, MoveWindowCommand, RunWithSubjectContainerCommand, SyncNativeFocusCommand, RedrawContainersCommand, MoveWindowCommand 
State dump: {"id":"ca46f85a-2303-4836-a41d-237826c6fff0","x":0,"y":0,"width":0,"height":0,"type":"root","focus_index":0,"children":[{"device_name":"\\\\.\\DISPLAY1","id":"4a1694a2-1ceb-480e-85d7-66d5f5ff4ba9","x":0,"y":0,"width":1920,"height":1080,"type":"monitor","focus_index":0,"children":[{"tiling_direction":"horizontal","size_percentage":1,"name":"1","id":"58fc8235-52d0-4a12-b607-edc408603599","x":1,"y":29,"width":1918,"height":1050,"type":"workspace","focus_index":2,"children":[{"floating_placement":{"left":-8,"top":6,"right":1928,"bottom":1102,"x":-8,"y":6,"width":1936,"height":1096},"border_delta":{"left":0,"top":0,"right":0,"bottom":0},"handle":15075482,"size_percentage":1,"id":"198ce406-57e9-45e8-8487-d38427da8258","x":1,"y":29,"width":1918,"height":1050,"type":"window","focus_index":0,"children":[]}]},{"tiling_direction":"horizontal","size_percentage":0,"name":"2","id":"8f9d8d32-acc8-4e32-ae4e-b80e6c100faa","x":1,"y":29,"width":1918,"height":1050,"type":"workspace","focus_index":1,"children":[]},{"tiling_direction":"horizontal","size_percentage":0,"name":"3","id":"5812610b-2fb4-4e7d-a88b-fc747ef8a7f6","x":1,"y":29,"width":1918,"height":1050,"type":"workspace","focus_index":0,"children":[{"floating_placement":{"left":729,"top":491,"right":1191,"bottom":617,"x":729,"y":491,"width":462,"height":126},"border_delta":{"left":5,"top":0,"right":5,"bottom":7},"handle":3082776,"size_percentage":0.5,"id":"176358e0-c20e-43ad-9a1d-9d0b9fddc965","x":1,"y":29,"width":958,"height":1050,"type":"window","focus_index":1,"children":[]},{"floating_placement":{"left":464,"top":282,"right":1456,"bottom":827,"x":464,"y":282,"width":992,"height":545},"border_delta":{"left":7,"top":0,"right":7,"bottom":7},"handle":789188,"size_percentage":0.5,"id":"ac029738-0f28-4011-8830-467f61b3d645","x":961,"y":29,"width":958,"height":1050,"type":"window","focus_index":0,"children":[]}]}]}]}

24/07/13 2:29:31 AM
GlazeWM.Infrastructure.Exceptions.FatalUserException: Failed to parse user config. Invalid binding 'Alt++Left' in keybinding config: Unknown key ''
   at GlazeWM.Domain.UserConfigs.CommandHandlers.EvaluateUserConfigHandler.ValidateDeserializedConfig(UserConfig deserializedConfig) in D:\a\glazewm\glazewm\GlazeWM.Domain\UserConfigs\CommandHandlers\EvaluateUserConfigHandler.cs:line 209
   at GlazeWM.Domain.UserConfigs.CommandHandlers.EvaluateUserConfigHandler.Handle(EvaluateUserConfigCommand command) in D:\a\glazewm\glazewm\GlazeWM.Domain\UserConfigs\CommandHandlers\EvaluateUserConfigHandler.cs:line 58
   at GlazeWM.Infrastructure.Bussing.Bus.Invoke[T](T command) in D:\a\glazewm\glazewm\GlazeWM.Infrastructure\Bussing\Bus.cs:line 41
   at GlazeWM.Domain.Common.CommandHandlers.PopulateInitialStateHandler.Handle(PopulateInitialStateCommand command) in D:\a\glazewm\glazewm\GlazeWM.Domain\Common\CommandHandlers\PopulateInitialStateHandler.cs:line 41
   at GlazeWM.Infrastructure.Bussing.Bus.Invoke[T](T command) in D:\a\glazewm\glazewm\GlazeWM.Infrastructure\Bussing\Bus.cs:line 41
   at GlazeWM.App.WindowManager.WmStartup.Run()
Command history: HandleFatalExceptionCommand, EvaluateUserConfigCommand, PopulateInitialStateCommand 
State dump: {"id":"3f642cf7-3146-4e3b-b4db-0078ae01e5b4","x":0,"y":0,"width":0,"height":0,"type":"root","focus_index":0,"children":[]}

24/07/13 2:29:56 AM
GlazeWM.Infrastructure.Exceptions.FatalUserException: Failed to parse user config. (Line: 230, Col: 26, Idx: 6202) - (Line: 230, Col: 28, Idx: 6204): While parsing a block mapping, did not find expected key.
   at GlazeWM.Domain.UserConfigs.CommandHandlers.EvaluateUserConfigHandler.DeserializeUserConfig(String userConfigPath) in D:\a\glazewm\glazewm\GlazeWM.Domain\UserConfigs\CommandHandlers\EvaluateUserConfigHandler.cs:line 109
   at GlazeWM.Domain.UserConfigs.CommandHandlers.EvaluateUserConfigHandler.Handle(EvaluateUserConfigCommand command) in D:\a\glazewm\glazewm\GlazeWM.Domain\UserConfigs\CommandHandlers\EvaluateUserConfigHandler.cs:line 49
   at GlazeWM.Infrastructure.Bussing.Bus.Invoke[T](T command) in D:\a\glazewm\glazewm\GlazeWM.Infrastructure\Bussing\Bus.cs:line 41
   at GlazeWM.Domain.Common.CommandHandlers.PopulateInitialStateHandler.Handle(PopulateInitialStateCommand command) in D:\a\glazewm\glazewm\GlazeWM.Domain\Common\CommandHandlers\PopulateInitialStateHandler.cs:line 41
   at GlazeWM.Infrastructure.Bussing.Bus.Invoke[T](T command) in D:\a\glazewm\glazewm\GlazeWM.Infrastructure\Bussing\Bus.cs:line 41
   at GlazeWM.App.WindowManager.WmStartup.Run()
Command history: HandleFatalExceptionCommand, EvaluateUserConfigCommand, PopulateInitialStateCommand 
State dump: {"id":"41ec8245-23b3-4610-8fee-de33716de235","x":0,"y":0,"width":0,"height":0,"type":"root","focus_index":0,"children":[]}

24/07/13 3:06:27 AM
System.ObjectDisposedException: Cannot access a disposed object.
   at System.Reactive.Subjects.Subject`1.ThrowDisposed() in /_/Rx.NET/Source/src/System.Reactive/Subjects/Subject.cs:line 53
   at System.Reactive.Subjects.Subject`1.OnNext(T value) in /_/Rx.NET/Source/src/System.Reactive/Subjects/Subject.cs:line 141
   at GlazeWM.Bar.BarService.<>c__DisplayClass10_0.<CloseWindow>b__0() in D:\a\glazewm\glazewm\GlazeWM.Bar\BarService.cs:line 118
   at System.Windows.Threading.DispatcherOperation.InvokeDelegateCore()
   at System.Windows.Threading.DispatcherOperation.InvokeImpl()
--- End of stack trace from previous location ---
   at System.Windows.Threading.DispatcherOperation.Wait(TimeSpan timeout)
   at System.Windows.Threading.Dispatcher.InvokeImpl(DispatcherOperation operation, CancellationToken cancellationToken, TimeSpan timeout)
   at System.Windows.Threading.Dispatcher.Invoke(Action callback, DispatcherPriority priority, CancellationToken cancellationToken, TimeSpan timeout)
   at System.Windows.Threading.Dispatcher.Invoke(Action callback)
   at GlazeWM.Bar.BarService.CloseWindow(String deviceName) in D:\a\glazewm\glazewm\GlazeWM.Bar\BarService.cs:line 116
   at GlazeWM.Bar.BarService.RestartApp() in D:\a\glazewm\glazewm\GlazeWM.Bar\BarService.cs:line 79
   at GlazeWM.Bar.BarService.<StartApp>b__6_3(UserConfigReloadedEvent _) in D:\a\glazewm\glazewm\GlazeWM.Bar\BarService.cs:line 55
   at System.Reactive.AnonymousSafeObserver`1.OnNext(T value) in /_/Rx.NET/Source/src/System.Reactive/AnonymousSafeObserver.cs:line 54
   at System.Reactive.Subjects.Subject`1.OnNext(T value) in /_/Rx.NET/Source/src/System.Reactive/Subjects/Subject.cs:line 141
   at GlazeWM.Infrastructure.Bussing.Bus.Emit[T](T event) in D:\a\glazewm\glazewm\GlazeWM.Infrastructure\Bussing\Bus.cs:line 87
   at GlazeWM.Domain.UserConfigs.CommandHandlers.ReloadUserConfigHandler.Handle(ReloadUserConfigCommand command) in D:\a\glazewm\glazewm\GlazeWM.Domain\UserConfigs\CommandHandlers\ReloadUserConfigHandler.cs:line 53
   at GlazeWM.Infrastructure.Bussing.Bus.Invoke[T](T command) in D:\a\glazewm\glazewm\GlazeWM.Infrastructure\Bussing\Bus.cs:line 48
   at CallSite.Target(Closure, CallSite, Bus, Object)
   at System.Dynamic.UpdateDelegates.UpdateAndExecuteVoid2[T0,T1](CallSite site, T0 arg0, T1 arg1)
   at GlazeWM.Domain.UserConfigs.CommandHandlers.RunWithSubjectContainerHandler.Handle(RunWithSubjectContainerCommand command) in D:\a\glazewm\glazewm\GlazeWM.Domain\UserConfigs\CommandHandlers\RunWithSubjectContainerHandler.cs:line 28
   at GlazeWM.Infrastructure.Bussing.Bus.Invoke[T](T command) in D:\a\glazewm\glazewm\GlazeWM.Infrastructure\Bussing\Bus.cs:line 48
   at GlazeWM.Domain.UserConfigs.CommandHandlers.RegisterKeybindingsHandler.<>c__DisplayClass4_0.<Handle>b__1() in D:\a\glazewm\glazewm\GlazeWM.Domain\UserConfigs\CommandHandlers\RegisterKeybindingsHandler.cs:line 63
Command history: HandleFatalExceptionCommand, ResizeWindowBordersCommand, MoveWindowToWorkspaceCommand, RunWithSubjectContainerCommand, RunWithSubjectContainerCommand, RunWithSubjectContainerCommand, UpdateWorkspacesFromConfigCommand, RegisterKeybindingsCommand, EvaluateUserConfigCommand, ReloadUserConfigCommand, RunWithSubjectContainerCommand, FocusContainerUnderCursorCommand, FocusContainerUnderCursorCommand, FocusContainerUnderCursorCommand, FocusContainerUnderCursorCommand 
State dump: {"id":"ba6d7f60-0eab-4c06-89db-59dca133b885","x":0,"y":0,"width":0,"height":0,"type":"root","focus_index":0,"children":[{"device_name":"\\\\.\\DISPLAY1","id":"1347d752-7f7b-41f4-9b63-676771e279c0","x":0,"y":0,"width":1920,"height":1080,"type":"monitor","focus_index":0,"children":[{"tiling_direction":"horizontal","size_percentage":1,"name":"1","id":"292cac71-026e-43e8-960a-0491c1aa42c3","x":1,"y":29,"width":1918,"height":1050,"type":"workspace","focus_index":2,"children":[{"floating_placement":{"left":474,"top":26,"right":1446,"bottom":1083,"x":474,"y":26,"width":972,"height":1057},"border_delta":{"left":7,"top":0,"right":7,"bottom":7},"handle":920904,"size_percentage":0.5,"id":"1d3fa15f-1d24-4ab2-9063-a4049cb90d57","x":1,"y":29,"width":958,"height":1050,"type":"window","focus_index":1,"children":[]},{"floating_placement":{"left":464,"top":282,"right":1456,"bottom":827,"x":464,"y":282,"width":992,"height":545},"border_delta":{"left":7,"top":0,"right":7,"bottom":7},"handle":396570,"size_percentage":0.5,"id":"f31bd410-95fe-4898-b38c-f1f5f9751af2","x":961,"y":29,"width":958,"height":1050,"type":"window","focus_index":0,"children":[]}]},{"tiling_direction":"horizontal","size_percentage":0,"name":"3","id":"d936a95f-f725-419e-9169-eda6fbc4a4d8","x":1,"y":29,"width":1918,"height":1050,"type":"workspace","focus_index":0,"children":[{"floating_placement":{"left":476,"top":27,"right":1444,"bottom":1082,"x":476,"y":27,"width":968,"height":1055},"border_delta":{"left":5,"top":0,"right":5,"bottom":7},"handle":3082776,"size_percentage":1,"id":"a63f89bb-c7dc-418b-be08-9b819885b64a","x":1,"y":29,"width":1918,"height":1050,"type":"window","focus_index":0,"children":[]}]},{"tiling_direction":"horizontal","size_percentage":0,"name":"2","id":"e1ed06cc-f173-45db-98e7-27f25b6a61e0","x":1,"y":29,"width":1918,"height":1050,"type":"workspace","focus_index":1,"children":[]}]}]}

24/07/15 6:23:26 AM
GlazeWM.Infrastructure.Exceptions.FatalUserException: Failed to parse user config. (Line: 295, Col: 14, Idx: 7881) - (Line: 295, Col: 34, Idx: 7901): While scanning a quoted scalar, found unknown escape character.
   at GlazeWM.Domain.UserConfigs.CommandHandlers.EvaluateUserConfigHandler.DeserializeUserConfig(String userConfigPath) in D:\a\glazewm\glazewm\GlazeWM.Domain\UserConfigs\CommandHandlers\EvaluateUserConfigHandler.cs:line 109
   at GlazeWM.Domain.UserConfigs.CommandHandlers.EvaluateUserConfigHandler.Handle(EvaluateUserConfigCommand command) in D:\a\glazewm\glazewm\GlazeWM.Domain\UserConfigs\CommandHandlers\EvaluateUserConfigHandler.cs:line 49
   at GlazeWM.Infrastructure.Bussing.Bus.Invoke[T](T command) in D:\a\glazewm\glazewm\GlazeWM.Infrastructure\Bussing\Bus.cs:line 41
   at GlazeWM.Domain.Common.CommandHandlers.PopulateInitialStateHandler.Handle(PopulateInitialStateCommand command) in D:\a\glazewm\glazewm\GlazeWM.Domain\Common\CommandHandlers\PopulateInitialStateHandler.cs:line 41
   at GlazeWM.Infrastructure.Bussing.Bus.Invoke[T](T command) in D:\a\glazewm\glazewm\GlazeWM.Infrastructure\Bussing\Bus.cs:line 41
   at GlazeWM.App.WindowManager.WmStartup.Run()
Command history: HandleFatalExceptionCommand, EvaluateUserConfigCommand, PopulateInitialStateCommand 
State dump: {"id":"507d5b5d-4653-4f2d-a2a3-d0dfbf87c5d2","x":0,"y":0,"width":0,"height":0,"type":"root","focus_index":0,"children":[]}

24/07/30 10:52:23 PM
System.InvalidOperationException: Sequence contains no matching element
   at System.Linq.ThrowHelper.ThrowNoMatchException()
   at System.Linq.Enumerable.First[TSource](IEnumerable`1 source, Func`2 predicate)
   at GlazeWM.Domain.Monitors.CommandHandlers.RemoveMonitorHandler.Handle(RemoveMonitorCommand command) in D:\a\glazewm\glazewm\GlazeWM.Domain\Monitors\CommandHandlers\RemoveMonitorHandler.cs:line 25
   at GlazeWM.Infrastructure.Bussing.Bus.Invoke[T](T command) in D:\a\glazewm\glazewm\GlazeWM.Infrastructure\Bussing\Bus.cs:line 48
   at GlazeWM.Domain.Monitors.CommandHandlers.RefreshMonitorStateHandler.Handle(RefreshMonitorStateCommand command) in D:\a\glazewm\glazewm\GlazeWM.Domain\Monitors\CommandHandlers\RefreshMonitorStateHandler.cs:line 63
   at GlazeWM.Infrastructure.Bussing.Bus.Invoke[T](T command) in D:\a\glazewm\glazewm\GlazeWM.Infrastructure\Bussing\Bus.cs:line 48
   at GlazeWM.Domain.Monitors.EventHandlers.DisplaySettingsChangedHandler.Handle(DisplaySettingsChangedEvent event) in D:\a\glazewm\glazewm\GlazeWM.Domain\Monitors\EventHandlers\DisplaySettingsChangedHandler.cs:line 18
   at GlazeWM.Infrastructure.Bussing.Bus.Emit[T](T event) in D:\a\glazewm\glazewm\GlazeWM.Infrastructure\Bussing\Bus.cs:line 87
   at GlazeWM.Infrastructure.Bussing.Bus.<>c__DisplayClass8_0`1.<EmitAsync>b__0() in D:\a\glazewm\glazewm\GlazeWM.Infrastructure\Bussing\Bus.cs:line 101
Command history: HandleFatalExceptionCommand, RefreshMonitorStateCommand, DetachContainerCommand, SetFocusedDescendantCommand, ResizeContainerCommand, AttachContainerCommand, DetachContainerCommand, MoveContainerWithinTreeCommand, SetFocusedDescendantCommand, ResizeContainerCommand, AttachContainerCommand, DetachContainerCommand, MoveContainerWithinTreeCommand, SetFocusedDescendantCommand, ResizeContainerCommand 
State dump: {"id":"24b3e0a9-a925-4527-b7d9-86776fc57268","x":0,"y":0,"width":0,"height":0,"type":"root","focus_index":0,"children":[{"device_name":"\\\\.\\DISPLAY9","id":"66d6f8e5-7c03-4d3b-bbe1-67e4da96cd9c","x":0,"y":0,"width":1920,"height":1080,"type":"monitor","focus_index":0,"children":[{"tiling_direction":"horizontal","size_percentage":1,"name":"4","id":"29281da9-01d8-4add-a3ee-4b56a94e9808","x":1,"y":29,"width":1918,"height":1050,"type":"workspace","focus_index":3,"children":[]},{"tiling_direction":"horizontal","size_percentage":0,"name":"3","id":"4a43c193-44be-45e1-91a5-96353a482803","x":1,"y":29,"width":1918,"height":1050,"type":"workspace","focus_index":2,"children":[]},{"tiling_direction":"vertical","size_percentage":0,"name":"2","id":"f962d515-951c-4aad-bae6-ba1bd087ae62","x":1,"y":29,"width":1918,"height":1050,"type":"workspace","focus_index":1,"children":[]},{"tiling_direction":"horizontal","size_percentage":0,"name":"1","id":"6807c238-6604-40a4-b8fc-619576f10462","x":1,"y":29,"width":1918,"height":1050,"type":"workspace","focus_index":0,"children":[{"floating_placement":{"left":352,"top":84,"right":1568,"bottom":1025,"x":352,"y":84,"width":1216,"height":941},"border_delta":{"left":7,"top":0,"right":7,"bottom":7},"handle":197428,"size_percentage":0.5,"id":"90aa589b-9d27-4315-ba3d-bf8d374847f5","x":1,"y":29,"width":958,"height":1050,"type":"window","focus_index":3,"children":[]},{"floating_placement":{"left":563,"top":265,"right":1358,"bottom":844,"x":563,"y":265,"width":795,"height":579},"border_delta":{"left":7,"top":0,"right":7,"bottom":7},"handle":984480,"size_percentage":0.5,"id":"716f3744-22aa-4d48-b8b8-190639bbb29b","x":961,"y":29,"width":958,"height":1050,"type":"window","focus_index":2,"children":[]},{"floating_placement":{"left":753,"top":323,"right":1167,"bottom":785,"x":753,"y":323,"width":414,"height":462},"border_delta":{"left":7,"top":0,"right":7,"bottom":7},"handle":1771858,"id":"5e04a774-ffa2-4f46-9246-1bf7455d2158","x":753,"y":323,"width":414,"height":462,"type":"window","focus_index":1,"children":[]},{"floating_placement":{"left":704,"top":355,"right":1217,"bottom":754,"x":704,"y":355,"width":513,"height":399},"border_delta":{"left":7,"top":0,"right":7,"bottom":7},"handle":329088,"id":"6250bdd5-8903-4c21-817f-d13bc2387be7","x":704,"y":355,"width":513,"height":399,"type":"window","focus_index":0,"children":[]}]}]}]}

